// Jest Snapshot v1, https://goo.gl/fbAQLP

exports[`renders correctly 1`] = `
<View
  style={
    Array [
      Object {
        "alignItems": "center",
        "flexBasis": 0,
        "flexDirection": "column",
        "flexGrow": 1,
        "flexShrink": 1,
      },
    ]
  }
>
  <RCTScrollView
    activeAnimationOptions={null}
    activeAnimationType="timing"
    activeSlideAlignment="center"
    activeSlideOffset={20}
    apparitionDelay={0}
    automaticallyAdjustContentInsets={false}
    autoplay={false}
    autoplayDelay={1000}
    autoplayInterval={3000}
    callbackOffsetMargin={5}
    containerCustomStyle={Object {}}
    contentContainerCustomStyle={Object {}}
    contentContainerStyle={
      Array [
        Object {
          "paddingLeft": 180,
          "paddingRight": 180,
        },
        Object {},
      ]
    }
    data={
      Array [
        "2",
      ]
    }
    decelerationRate="fast"
    directionalLockEnabled={true}
    disableVirtualization={false}
    enableMomentum={false}
    enableSnap={true}
    firstItem={0}
    getItem={[Function]}
    getItemCount={[Function]}
    hasParallaxImages={false}
    horizontal={true}
    inactiveSlideOpacity={0.85}
    inactiveSlideScale={0.6}
    inactiveSlideShift={0}
    initialNumToRender={7}
    invertStickyHeaders={false}
    inverted={false}
    itemWidth={390}
    keyExtractor={[Function]}
    layout="default"
    lockScrollTimeoutDuration={1000}
    lockScrollWhileSnapping={false}
    loop={false}
    loopClonesPerSide={3}
    maxToRenderPerBatch={15}
    numColumns={1}
    onContentSizeChange={[Function]}
    onEndReachedThreshold={2}
    onLayout={[Function]}
    onMomentumScrollEnd={[Function]}
    onResponderRelease={[Function]}
    onScroll={[Function]}
    onScrollBeginDrag={[Function]}
    onScrollEndDrag={[Function]}
    onSnapToItem={[Function]}
    onStartShouldSetResponderCapture={[Function]}
    onTouchEnd={[Function]}
    onTouchStart={[Function]}
    overScrollMode="never"
    pinchGestureEnabled={false}
    removeClippedSubviews={true}
    renderItem={[Function]}
    scrollEnabled={true}
    scrollEventThrottle={1}
    scrollsToTop={false}
    shouldOptimizeUpdates={true}
    showsHorizontalScrollIndicator={false}
    showsVerticalScrollIndicator={false}
    slideStyle={Object {}}
    sliderWidth={750}
    stickyHeaderIndices={Array []}
    style={
      Object {
        "flexDirection": "row",
        "opacity": 0,
        "width": 750,
      }
    }
    swipeThreshold={5}
    updateCellsBatchingPeriod={50}
    useScrollView={false}
    vertical={false}
    viewabilityConfigCallbackPairs={Array []}
    windowSize={15}
  >
    <View>
      <View
        onLayout={[Function]}
        style={
          Array [
            Object {
              "flexDirection": "row",
            },
            null,
          ]
        }
      >
        <View
          pointerEvents="box-none"
          style={
            Object {
              "opacity": 1,
              "transform": Array [
                Object {
                  "scale": 1,
                },
              ],
              "width": 390,
            }
          }
        >
          <View
            dayType="2"
            style={
              Object {
                "backgroundColor": "white",
                "borderColor": "#e1e8ee",
                "borderRadius": 15,
                "borderWidth": 1,
                "elevation": 1,
                "margin": 15,
                "marginBottom": 0,
                "maxHeight": 1129,
                "padding": 15,
                "paddingBottom": 50,
              }
            }
          >
            <View
              style={
                Object {
                  "backgroundColor": "transparent",
                }
              }
            >
              <View>
                <Text
                  style={
                    Object {
                      "color": "#43484d",
                      "fontFamily": "sans-serif",
                      "fontSize": 17.5,
                      "fontWeight": "bold",
                      "marginBottom": 15,
                      "textAlign": "center",
                    }
                  }
                  testID="cardTitle"
                  theme={
                    Object {
                      "colors": Object {
                        "disabled": "hsl(208, 8%, 90%)",
                        "divider": "#bcbbc1",
                        "error": "#ff190c",
                        "grey0": "#393e42",
                        "grey1": "#43484d",
                        "grey2": "#5e6977",
                        "grey3": "#86939e",
                        "grey4": "#bdc6cf",
                        "grey5": "#e1e8ee",
                        "greyOutline": "#bbb",
                        "platform": Object {
                          "android": Object {
                            "error": "#f44336",
                            "primary": "#2196f3",
                            "secondary": "#9C27B0",
                            "success": "#4caf50",
                            "warning": "#ffeb3b",
                          },
                          "ios": Object {
                            "error": "#ff3b30",
                            "primary": "#007aff",
                            "secondary": "#5856d6",
                            "success": "#4cd964",
                            "warning": "#ffcc00",
                          },
                        },
                        "primary": "#2089dc",
                        "searchBg": "#303337",
                        "secondary": "#8F0CE8",
                        "success": "#52c41a",
                        "warning": "#faad14",
                      },
                    }
                  }
                >
                  Sábado
                </Text>
                <View
                  style={
                    Object {
                      "backgroundColor": "#99BBE5",
                      "height": 0.5,
                      "marginBottom": 15,
                    }
                  }
                />
              </View>
              <RCTScrollView
                data={
                  Object {
                    "2": Array [
                      Object {
                        "bus_id": 80,
                        "dayType": 1,
                        "direction": 2,
                        "hour": 5,
                        "id": 12637,
                        "isHandicap": true,
                        "isSummerTime": false,
                        "minute": 20,
                        "time": "05:20",
                        "timeDateTime": "2020-01-03T05:20:00.000Z",
                      },
                      Object {
                        "bus_id": 80,
                        "dayType": 1,
                        "direction": 2,
                        "hour": 5,
                        "id": 12638,
                        "isHandicap": true,
                        "isSummerTime": false,
                        "minute": 45,
                        "time": "05:45",
                        "timeDateTime": "2020-01-03T05:45:00.000Z",
                      },
                      Object {
                        "bus_id": 80,
                        "dayType": 1,
                        "direction": 2,
                        "hour": 6,
                        "id": 12639,
                        "isHandicap": true,
                        "isSummerTime": false,
                        "minute": 10,
                        "time": "06:10",
                        "timeDateTime": "2020-01-03T06:10:00.000Z",
                      },
                      Object {
                        "bus_id": 80,
                        "dayType": 1,
                        "direction": 2,
                        "hour": 6,
                        "id": 12640,
                        "isHandicap": true,
                        "isSummerTime": false,
                        "minute": 30,
                        "time": "06:30",
                        "timeDateTime": "2020-01-03T06:30:00.000Z",
                      },
                      Object {
                        "bus_id": 80,
                        "dayType": 1,
                        "direction": 2,
                        "hour": 6,
                        "id": 12641,
                        "isHandicap": true,
                        "isSummerTime": false,
                        "minute": 57,
                        "time": "06:57",
                        "timeDateTime": "2020-01-03T06:57:00.000Z",
                      },
                      Object {
                        "bus_id": 80,
                        "dayType": 1,
                        "direction": 2,
                        "hour": 7,
                        "id": 12642,
                        "isHandicap": true,
                        "isSummerTime": false,
                        "minute": 5,
                        "time": "07:05",
                        "timeDateTime": "2020-01-03T07:05:00.000Z",
                      },
                      Object {
                        "bus_id": 80,
                        "dayType": 1,
                        "direction": 2,
                        "hour": 7,
                        "id": 12643,
                        "isHandicap": false,
                        "isSummerTime": false,
                        "minute": 23,
                        "time": "07:23",
                        "timeDateTime": "2020-01-03T07:23:00.000Z",
                      },
                      Object {
                        "bus_id": 80,
                        "dayType": 1,
                        "direction": 2,
                        "hour": 7,
                        "id": 12644,
                        "isHandicap": true,
                        "isSummerTime": false,
                        "minute": 43,
                        "time": "07:43",
                        "timeDateTime": "2020-01-03T07:43:00.000Z",
                      },
                      Object {
                        "bus_id": 80,
                        "dayType": 1,
                        "direction": 2,
                        "hour": 7,
                        "id": 12645,
                        "isHandicap": false,
                        "isSummerTime": false,
                        "minute": 53,
                        "time": "07:53",
                        "timeDateTime": "2020-01-03T07:53:00.000Z",
                      },
                      Object {
                        "bus_id": 80,
                        "dayType": 1,
                        "direction": 2,
                        "hour": 8,
                        "id": 12646,
                        "isHandicap": true,
                        "isSummerTime": false,
                        "minute": 16,
                        "time": "08:16",
                        "timeDateTime": "2020-01-03T08:16:00.000Z",
                      },
                      Object {
                        "bus_id": 80,
                        "dayType": 1,
                        "direction": 2,
                        "hour": 8,
                        "id": 12647,
                        "isHandicap": true,
                        "isSummerTime": false,
                        "minute": 32,
                        "time": "08:32",
                        "timeDateTime": "2020-01-03T08:32:00.000Z",
                      },
                      Object {
                        "bus_id": 80,
                        "dayType": 1,
                        "direction": 2,
                        "hour": 8,
                        "id": 12648,
                        "isHandicap": false,
                        "isSummerTime": false,
                        "minute": 48,
                        "time": "08:48",
                        "timeDateTime": "2020-01-03T08:48:00.000Z",
                      },
                      Object {
                        "bus_id": 80,
                        "dayType": 1,
                        "direction": 2,
                        "hour": 9,
                        "id": 12649,
                        "isHandicap": true,
                        "isSummerTime": false,
                        "minute": 4,
                        "time": "09:04",
                        "timeDateTime": "2020-01-03T09:04:00.000Z",
                      },
                      Object {
                        "bus_id": 80,
                        "dayType": 1,
                        "direction": 2,
                        "hour": 9,
                        "id": 12650,
                        "isHandicap": false,
                        "isSummerTime": false,
                        "minute": 20,
                        "time": "09:20",
                        "timeDateTime": "2020-01-03T09:20:00.000Z",
                      },
                      Object {
                        "bus_id": 80,
                        "dayType": 1,
                        "direction": 2,
                        "hour": 9,
                        "id": 12651,
                        "isHandicap": true,
                        "isSummerTime": false,
                        "minute": 36,
                        "time": "09:36",
                        "timeDateTime": "2020-01-03T09:36:00.000Z",
                      },
                      Object {
                        "bus_id": 80,
                        "dayType": 1,
                        "direction": 2,
                        "hour": 9,
                        "id": 12652,
                        "isHandicap": false,
                        "isSummerTime": false,
                        "minute": 52,
                        "time": "09:52",
                        "timeDateTime": "2020-01-03T09:52:00.000Z",
                      },
                      Object {
                        "bus_id": 80,
                        "dayType": 1,
                        "direction": 2,
                        "hour": 10,
                        "id": 12653,
                        "isHandicap": false,
                        "isSummerTime": false,
                        "minute": 8,
                        "time": "10:08",
                        "timeDateTime": "2020-01-03T10:08:00.000Z",
                      },
                      Object {
                        "bus_id": 80,
                        "dayType": 1,
                        "direction": 2,
                        "hour": 10,
                        "id": 12654,
                        "isHandicap": true,
                        "isSummerTime": false,
                        "minute": 24,
                        "time": "10:24",
                        "timeDateTime": "2020-01-03T10:24:00.000Z",
                      },
                      Object {
                        "bus_id": 80,
                        "dayType": 1,
                        "direction": 2,
                        "hour": 10,
                        "id": 12655,
                        "isHandicap": false,
                        "isSummerTime": false,
                        "minute": 40,
                        "time": "10:40",
                        "timeDateTime": "2020-01-03T10:40:00.000Z",
                      },
                      Object {
                        "bus_id": 80,
                        "dayType": 1,
                        "direction": 2,
                        "hour": 10,
                        "id": 12656,
                        "isHandicap": false,
                        "isSummerTime": false,
                        "minute": 56,
                        "time": "10:56",
                        "timeDateTime": "2020-01-03T10:56:00.000Z",
                      },
                      Object {
                        "bus_id": 80,
                        "dayType": 1,
                        "direction": 2,
                        "hour": 11,
                        "id": 12657,
                        "isHandicap": true,
                        "isSummerTime": false,
                        "minute": 12,
                        "time": "11:12",
                        "timeDateTime": "2020-01-03T11:12:00.000Z",
                      },
                      Object {
                        "bus_id": 80,
                        "dayType": 1,
                        "direction": 2,
                        "hour": 11,
                        "id": 12658,
                        "isHandicap": false,
                        "isSummerTime": false,
                        "minute": 28,
                        "time": "11:28",
                        "timeDateTime": "2020-01-03T11:28:00.000Z",
                      },
                      Object {
                        "bus_id": 80,
                        "dayType": 1,
                        "direction": 2,
                        "hour": 11,
                        "id": 12659,
                        "isHandicap": false,
                        "isSummerTime": false,
                        "minute": 44,
                        "time": "11:44",
                        "timeDateTime": "2020-01-03T11:44:00.000Z",
                      },
                      Object {
                        "bus_id": 80,
                        "dayType": 1,
                        "direction": 2,
                        "hour": 12,
                        "id": 12660,
                        "isHandicap": true,
                        "isSummerTime": false,
                        "minute": 0,
                        "time": "12:00",
                        "timeDateTime": "2020-01-03T12:00:00.000Z",
                      },
                      Object {
                        "bus_id": 80,
                        "dayType": 1,
                        "direction": 2,
                        "hour": 12,
                        "id": 12661,
                        "isHandicap": false,
                        "isSummerTime": false,
                        "minute": 16,
                        "time": "12:16",
                        "timeDateTime": "2020-01-03T12:16:00.000Z",
                      },
                      Object {
                        "bus_id": 80,
                        "dayType": 1,
                        "direction": 2,
                        "hour": 12,
                        "id": 12662,
                        "isHandicap": true,
                        "isSummerTime": false,
                        "minute": 32,
                        "time": "12:32",
                        "timeDateTime": "2020-01-03T12:32:00.000Z",
                      },
                      Object {
                        "bus_id": 80,
                        "dayType": 1,
                        "direction": 2,
                        "hour": 12,
                        "id": 12663,
                        "isHandicap": true,
                        "isSummerTime": false,
                        "minute": 48,
                        "time": "12:48",
                        "timeDateTime": "2020-01-03T12:48:00.000Z",
                      },
                      Object {
                        "bus_id": 80,
                        "dayType": 1,
                        "direction": 2,
                        "hour": 13,
                        "id": 12664,
                        "isHandicap": true,
                        "isSummerTime": false,
                        "minute": 4,
                        "time": "13:04",
                        "timeDateTime": "2020-01-03T13:04:00.000Z",
                      },
                      Object {
                        "bus_id": 80,
                        "dayType": 1,
                        "direction": 2,
                        "hour": 13,
                        "id": 12665,
                        "isHandicap": false,
                        "isSummerTime": false,
                        "minute": 20,
                        "time": "13:20",
                        "timeDateTime": "2020-01-03T13:20:00.000Z",
                      },
                      Object {
                        "bus_id": 80,
                        "dayType": 1,
                        "direction": 2,
                        "hour": 13,
                        "id": 12666,
                        "isHandicap": true,
                        "isSummerTime": false,
                        "minute": 36,
                        "time": "13:36",
                        "timeDateTime": "2020-01-03T13:36:00.000Z",
                      },
                      Object {
                        "bus_id": 80,
                        "dayType": 1,
                        "direction": 2,
                        "hour": 13,
                        "id": 12667,
                        "isHandicap": false,
                        "isSummerTime": false,
                        "minute": 52,
                        "time": "13:52",
                        "timeDateTime": "2020-01-03T13:52:00.000Z",
                      },
                      Object {
                        "bus_id": 80,
                        "dayType": 1,
                        "direction": 2,
                        "hour": 14,
                        "id": 12668,
                        "isHandicap": false,
                        "isSummerTime": false,
                        "minute": 8,
                        "time": "14:08",
                        "timeDateTime": "2020-01-03T14:08:00.000Z",
                      },
                      Object {
                        "bus_id": 80,
                        "dayType": 1,
                        "direction": 2,
                        "hour": 14,
                        "id": 12669,
                        "isHandicap": true,
                        "isSummerTime": false,
                        "minute": 24,
                        "time": "14:24",
                        "timeDateTime": "2020-01-03T14:24:00.000Z",
                      },
                      Object {
                        "bus_id": 80,
                        "dayType": 1,
                        "direction": 2,
                        "hour": 14,
                        "id": 12670,
                        "isHandicap": true,
                        "isSummerTime": false,
                        "minute": 40,
                        "time": "14:40",
                        "timeDateTime": "2020-01-03T14:40:00.000Z",
                      },
                      Object {
                        "bus_id": 80,
                        "dayType": 1,
                        "direction": 2,
                        "hour": 14,
                        "id": 12671,
                        "isHandicap": false,
                        "isSummerTime": false,
                        "minute": 56,
                        "time": "14:56",
                        "timeDateTime": "2020-01-03T14:56:00.000Z",
                      },
                      Object {
                        "bus_id": 80,
                        "dayType": 1,
                        "direction": 2,
                        "hour": 15,
                        "id": 12672,
                        "isHandicap": true,
                        "isSummerTime": false,
                        "minute": 12,
                        "time": "15:12",
                        "timeDateTime": "2020-01-03T15:12:00.000Z",
                      },
                      Object {
                        "bus_id": 80,
                        "dayType": 1,
                        "direction": 2,
                        "hour": 15,
                        "id": 12673,
                        "isHandicap": true,
                        "isSummerTime": false,
                        "minute": 28,
                        "time": "15:28",
                        "timeDateTime": "2020-01-03T15:28:00.000Z",
                      },
                      Object {
                        "bus_id": 80,
                        "dayType": 1,
                        "direction": 2,
                        "hour": 15,
                        "id": 12674,
                        "isHandicap": false,
                        "isSummerTime": false,
                        "minute": 44,
                        "time": "15:44",
                        "timeDateTime": "2020-01-03T15:44:00.000Z",
                      },
                      Object {
                        "bus_id": 80,
                        "dayType": 1,
                        "direction": 2,
                        "hour": 16,
                        "id": 12675,
                        "isHandicap": false,
                        "isSummerTime": false,
                        "minute": 0,
                        "time": "16:00",
                        "timeDateTime": "2020-01-03T16:00:00.000Z",
                      },
                      Object {
                        "bus_id": 80,
                        "dayType": 1,
                        "direction": 2,
                        "hour": 16,
                        "id": 12676,
                        "isHandicap": true,
                        "isSummerTime": false,
                        "minute": 16,
                        "time": "16:16",
                        "timeDateTime": "2020-01-03T16:16:00.000Z",
                      },
                      Object {
                        "bus_id": 80,
                        "dayType": 1,
                        "direction": 2,
                        "hour": 16,
                        "id": 12677,
                        "isHandicap": false,
                        "isSummerTime": false,
                        "minute": 32,
                        "time": "16:32",
                        "timeDateTime": "2020-01-03T16:32:00.000Z",
                      },
                      Object {
                        "bus_id": 80,
                        "dayType": 1,
                        "direction": 2,
                        "hour": 16,
                        "id": 12678,
                        "isHandicap": false,
                        "isSummerTime": false,
                        "minute": 46,
                        "time": "16:46",
                        "timeDateTime": "2020-01-03T16:46:00.000Z",
                      },
                      Object {
                        "bus_id": 80,
                        "dayType": 1,
                        "direction": 2,
                        "hour": 16,
                        "id": 12679,
                        "isHandicap": true,
                        "isSummerTime": false,
                        "minute": 57,
                        "time": "16:57",
                        "timeDateTime": "2020-01-03T16:57:00.000Z",
                      },
                      Object {
                        "bus_id": 80,
                        "dayType": 1,
                        "direction": 2,
                        "hour": 17,
                        "id": 12680,
                        "isHandicap": true,
                        "isSummerTime": false,
                        "minute": 12,
                        "time": "17:12",
                        "timeDateTime": "2020-01-03T17:12:00.000Z",
                      },
                      Object {
                        "bus_id": 80,
                        "dayType": 1,
                        "direction": 2,
                        "hour": 17,
                        "id": 12681,
                        "isHandicap": true,
                        "isSummerTime": false,
                        "minute": 28,
                        "time": "17:28",
                        "timeDateTime": "2020-01-03T17:28:00.000Z",
                      },
                      Object {
                        "bus_id": 80,
                        "dayType": 1,
                        "direction": 2,
                        "hour": 17,
                        "id": 12682,
                        "isHandicap": false,
                        "isSummerTime": false,
                        "minute": 42,
                        "time": "17:42",
                        "timeDateTime": "2020-01-03T17:42:00.000Z",
                      },
                      Object {
                        "bus_id": 80,
                        "dayType": 1,
                        "direction": 2,
                        "hour": 17,
                        "id": 12683,
                        "isHandicap": false,
                        "isSummerTime": false,
                        "minute": 58,
                        "time": "17:58",
                        "timeDateTime": "2020-01-03T17:58:00.000Z",
                      },
                      Object {
                        "bus_id": 80,
                        "dayType": 1,
                        "direction": 2,
                        "hour": 18,
                        "id": 12684,
                        "isHandicap": true,
                        "isSummerTime": false,
                        "minute": 16,
                        "time": "18:16",
                        "timeDateTime": "2020-01-03T18:16:00.000Z",
                      },
                      Object {
                        "bus_id": 80,
                        "dayType": 1,
                        "direction": 2,
                        "hour": 18,
                        "id": 12685,
                        "isHandicap": false,
                        "isSummerTime": false,
                        "minute": 36,
                        "time": "18:36",
                        "timeDateTime": "2020-01-03T18:36:00.000Z",
                      },
                      Object {
                        "bus_id": 80,
                        "dayType": 1,
                        "direction": 2,
                        "hour": 18,
                        "id": 12686,
                        "isHandicap": false,
                        "isSummerTime": false,
                        "minute": 56,
                        "time": "18:56",
                        "timeDateTime": "2020-01-03T18:56:00.000Z",
                      },
                      Object {
                        "bus_id": 80,
                        "dayType": 1,
                        "direction": 2,
                        "hour": 19,
                        "id": 12687,
                        "isHandicap": true,
                        "isSummerTime": false,
                        "minute": 16,
                        "time": "19:16",
                        "timeDateTime": "2020-01-03T19:16:00.000Z",
                      },
                      Object {
                        "bus_id": 80,
                        "dayType": 1,
                        "direction": 2,
                        "hour": 19,
                        "id": 12688,
                        "isHandicap": true,
                        "isSummerTime": false,
                        "minute": 38,
                        "time": "19:38",
                        "timeDateTime": "2020-01-03T19:38:00.000Z",
                      },
                      Object {
                        "bus_id": 80,
                        "dayType": 1,
                        "direction": 2,
                        "hour": 20,
                        "id": 12689,
                        "isHandicap": true,
                        "isSummerTime": false,
                        "minute": 5,
                        "time": "20:05",
                        "timeDateTime": "2020-01-03T20:05:00.000Z",
                      },
                      Object {
                        "bus_id": 80,
                        "dayType": 1,
                        "direction": 2,
                        "hour": 20,
                        "id": 12690,
                        "isHandicap": false,
                        "isSummerTime": false,
                        "minute": 35,
                        "time": "20:35",
                        "timeDateTime": "2020-01-03T20:35:00.000Z",
                      },
                      Object {
                        "bus_id": 80,
                        "dayType": 1,
                        "direction": 2,
                        "hour": 21,
                        "id": 12691,
                        "isHandicap": true,
                        "isSummerTime": false,
                        "minute": 5,
                        "time": "21:05",
                        "timeDateTime": "2020-01-03T21:05:00.000Z",
                      },
                      Object {
                        "bus_id": 80,
                        "dayType": 1,
                        "direction": 2,
                        "hour": 21,
                        "id": 12692,
                        "isHandicap": false,
                        "isSummerTime": false,
                        "minute": 35,
                        "time": "21:35",
                        "timeDateTime": "2020-01-03T21:35:00.000Z",
                      },
                      Object {
                        "bus_id": 80,
                        "dayType": 1,
                        "direction": 2,
                        "hour": 22,
                        "id": 12693,
                        "isHandicap": true,
                        "isSummerTime": false,
                        "minute": 5,
                        "time": "22:05",
                        "timeDateTime": "2020-01-03T22:05:00.000Z",
                      },
                      Object {
                        "bus_id": 80,
                        "dayType": 1,
                        "direction": 2,
                        "hour": 22,
                        "id": 12694,
                        "isHandicap": true,
                        "isSummerTime": false,
                        "minute": 45,
                        "time": "22:45",
                        "timeDateTime": "2020-01-03T22:45:00.000Z",
                      },
                      Object {
                        "bus_id": 80,
                        "dayType": 1,
                        "direction": 2,
                        "hour": 23,
                        "id": 12695,
                        "isHandicap": false,
                        "isSummerTime": false,
                        "minute": 35,
                        "time": "23:35",
                        "timeDateTime": "2020-01-03T23:35:00.000Z",
                      },
                      Object {
                        "bus_id": 80,
                        "dayType": 3,
                        "direction": 2,
                        "hour": 5,
                        "id": 12696,
                        "isHandicap": false,
                        "isSummerTime": false,
                        "minute": 40,
                        "time": "05:40",
                        "timeDateTime": "2020-01-05T05:40:00.000Z",
                      },
                      Object {
                        "bus_id": 80,
                        "dayType": 3,
                        "direction": 2,
                        "hour": 6,
                        "id": 12697,
                        "isHandicap": true,
                        "isSummerTime": false,
                        "minute": 15,
                        "time": "06:15",
                        "timeDateTime": "2020-01-05T06:15:00.000Z",
                      },
                      Object {
                        "bus_id": 80,
                        "dayType": 3,
                        "direction": 2,
                        "hour": 6,
                        "id": 12698,
                        "isHandicap": false,
                        "isSummerTime": false,
                        "minute": 50,
                        "time": "06:50",
                        "timeDateTime": "2020-01-05T06:50:00.000Z",
                      },
                      Object {
                        "bus_id": 80,
                        "dayType": 3,
                        "direction": 2,
                        "hour": 7,
                        "id": 12699,
                        "isHandicap": false,
                        "isSummerTime": false,
                        "minute": 25,
                        "time": "07:25",
                        "timeDateTime": "2020-01-05T07:25:00.000Z",
                      },
                      Object {
                        "bus_id": 80,
                        "dayType": 3,
                        "direction": 2,
                        "hour": 7,
                        "id": 12700,
                        "isHandicap": true,
                        "isSummerTime": false,
                        "minute": 55,
                        "time": "07:55",
                        "timeDateTime": "2020-01-05T07:55:00.000Z",
                      },
                      Object {
                        "bus_id": 80,
                        "dayType": 3,
                        "direction": 2,
                        "hour": 8,
                        "id": 12701,
                        "isHandicap": true,
                        "isSummerTime": false,
                        "minute": 25,
                        "time": "08:25",
                        "timeDateTime": "2020-01-05T08:25:00.000Z",
                      },
                      Object {
                        "bus_id": 80,
                        "dayType": 3,
                        "direction": 2,
                        "hour": 8,
                        "id": 12702,
                        "isHandicap": false,
                        "isSummerTime": false,
                        "minute": 55,
                        "time": "08:55",
                        "timeDateTime": "2020-01-05T08:55:00.000Z",
                      },
                      Object {
                        "bus_id": 80,
                        "dayType": 3,
                        "direction": 2,
                        "hour": 9,
                        "id": 12703,
                        "isHandicap": true,
                        "isSummerTime": false,
                        "minute": 25,
                        "time": "09:25",
                        "timeDateTime": "2020-01-05T09:25:00.000Z",
                      },
                      Object {
                        "bus_id": 80,
                        "dayType": 3,
                        "direction": 2,
                        "hour": 9,
                        "id": 12704,
                        "isHandicap": true,
                        "isSummerTime": false,
                        "minute": 55,
                        "time": "09:55",
                        "timeDateTime": "2020-01-05T09:55:00.000Z",
                      },
                      Object {
                        "bus_id": 80,
                        "dayType": 3,
                        "direction": 2,
                        "hour": 10,
                        "id": 12705,
                        "isHandicap": false,
                        "isSummerTime": false,
                        "minute": 25,
                        "time": "10:25",
                        "timeDateTime": "2020-01-05T10:25:00.000Z",
                      },
                      Object {
                        "bus_id": 80,
                        "dayType": 3,
                        "direction": 2,
                        "hour": 10,
                        "id": 12706,
                        "isHandicap": true,
                        "isSummerTime": false,
                        "minute": 55,
                        "time": "10:55",
                        "timeDateTime": "2020-01-05T10:55:00.000Z",
                      },
                      Object {
                        "bus_id": 80,
                        "dayType": 3,
                        "direction": 2,
                        "hour": 11,
                        "id": 12707,
                        "isHandicap": true,
                        "isSummerTime": false,
                        "minute": 25,
                        "time": "11:25",
                        "timeDateTime": "2020-01-05T11:25:00.000Z",
                      },
                      Object {
                        "bus_id": 80,
                        "dayType": 3,
                        "direction": 2,
                        "hour": 11,
                        "id": 12708,
                        "isHandicap": false,
                        "isSummerTime": false,
                        "minute": 55,
                        "time": "11:55",
                        "timeDateTime": "2020-01-05T11:55:00.000Z",
                      },
                      Object {
                        "bus_id": 80,
                        "dayType": 3,
                        "direction": 2,
                        "hour": 12,
                        "id": 12709,
                        "isHandicap": true,
                        "isSummerTime": false,
                        "minute": 30,
                        "time": "12:30",
                        "timeDateTime": "2020-01-05T12:30:00.000Z",
                      },
                      Object {
                        "bus_id": 80,
                        "dayType": 3,
                        "direction": 2,
                        "hour": 13,
                        "id": 12710,
                        "isHandicap": false,
                        "isSummerTime": false,
                        "minute": 5,
                        "time": "13:05",
                        "timeDateTime": "2020-01-05T13:05:00.000Z",
                      },
                      Object {
                        "bus_id": 80,
                        "dayType": 3,
                        "direction": 2,
                        "hour": 13,
                        "id": 12711,
                        "isHandicap": true,
                        "isSummerTime": false,
                        "minute": 40,
                        "time": "13:40",
                        "timeDateTime": "2020-01-05T13:40:00.000Z",
                      },
                      Object {
                        "bus_id": 80,
                        "dayType": 3,
                        "direction": 2,
                        "hour": 14,
                        "id": 12712,
                        "isHandicap": true,
                        "isSummerTime": false,
                        "minute": 15,
                        "time": "14:15",
                        "timeDateTime": "2020-01-05T14:15:00.000Z",
                      },
                      Object {
                        "bus_id": 80,
                        "dayType": 3,
                        "direction": 2,
                        "hour": 14,
                        "id": 12713,
                        "isHandicap": true,
                        "isSummerTime": false,
                        "minute": 50,
                        "time": "14:50",
                        "timeDateTime": "2020-01-05T14:50:00.000Z",
                      },
                      Object {
                        "bus_id": 80,
                        "dayType": 3,
                        "direction": 2,
                        "hour": 15,
                        "id": 12714,
                        "isHandicap": false,
                        "isSummerTime": false,
                        "minute": 25,
                        "time": "15:25",
                        "timeDateTime": "2020-01-05T15:25:00.000Z",
                      },
                      Object {
                        "bus_id": 80,
                        "dayType": 3,
                        "direction": 2,
                        "hour": 16,
                        "id": 12715,
                        "isHandicap": true,
                        "isSummerTime": false,
                        "minute": 0,
                        "time": "16:00",
                        "timeDateTime": "2020-01-05T16:00:00.000Z",
                      },
                      Object {
                        "bus_id": 80,
                        "dayType": 3,
                        "direction": 2,
                        "hour": 16,
                        "id": 12716,
                        "isHandicap": false,
                        "isSummerTime": false,
                        "minute": 35,
                        "time": "16:35",
                        "timeDateTime": "2020-01-05T16:35:00.000Z",
                      },
                      Object {
                        "bus_id": 80,
                        "dayType": 3,
                        "direction": 2,
                        "hour": 17,
                        "id": 12717,
                        "isHandicap": false,
                        "isSummerTime": false,
                        "minute": 10,
                        "time": "17:10",
                        "timeDateTime": "2020-01-05T17:10:00.000Z",
                      },
                      Object {
                        "bus_id": 80,
                        "dayType": 3,
                        "direction": 2,
                        "hour": 17,
                        "id": 12718,
                        "isHandicap": true,
                        "isSummerTime": false,
                        "minute": 45,
                        "time": "17:45",
                        "timeDateTime": "2020-01-05T17:45:00.000Z",
                      },
                      Object {
                        "bus_id": 80,
                        "dayType": 3,
                        "direction": 2,
                        "hour": 18,
                        "id": 12719,
                        "isHandicap": false,
                        "isSummerTime": false,
                        "minute": 20,
                        "time": "18:20",
                        "timeDateTime": "2020-01-05T18:20:00.000Z",
                      },
                      Object {
                        "bus_id": 80,
                        "dayType": 3,
                        "direction": 2,
                        "hour": 18,
                        "id": 12720,
                        "isHandicap": false,
                        "isSummerTime": false,
                        "minute": 55,
                        "time": "18:55",
                        "timeDateTime": "2020-01-05T18:55:00.000Z",
                      },
                      Object {
                        "bus_id": 80,
                        "dayType": 3,
                        "direction": 2,
                        "hour": 19,
                        "id": 12721,
                        "isHandicap": false,
                        "isSummerTime": false,
                        "minute": 35,
                        "time": "19:35",
                        "timeDateTime": "2020-01-05T19:35:00.000Z",
                      },
                      Object {
                        "bus_id": 80,
                        "dayType": 3,
                        "direction": 2,
                        "hour": 20,
                        "id": 12722,
                        "isHandicap": false,
                        "isSummerTime": false,
                        "minute": 20,
                        "time": "20:20",
                        "timeDateTime": "2020-01-05T20:20:00.000Z",
                      },
                      Object {
                        "bus_id": 80,
                        "dayType": 3,
                        "direction": 2,
                        "hour": 21,
                        "id": 12723,
                        "isHandicap": false,
                        "isSummerTime": false,
                        "minute": 5,
                        "time": "21:05",
                        "timeDateTime": "2020-01-05T21:05:00.000Z",
                      },
                      Object {
                        "bus_id": 80,
                        "dayType": 3,
                        "direction": 2,
                        "hour": 21,
                        "id": 12724,
                        "isHandicap": false,
                        "isSummerTime": false,
                        "minute": 50,
                        "time": "21:50",
                        "timeDateTime": "2020-01-05T21:50:00.000Z",
                      },
                      Object {
                        "bus_id": 80,
                        "dayType": 3,
                        "direction": 2,
                        "hour": 22,
                        "id": 12725,
                        "isHandicap": false,
                        "isSummerTime": false,
                        "minute": 35,
                        "time": "22:35",
                        "timeDateTime": "2020-01-05T22:35:00.000Z",
                      },
                      Object {
                        "bus_id": 80,
                        "dayType": 3,
                        "direction": 2,
                        "hour": 23,
                        "id": 12726,
                        "isHandicap": false,
                        "isSummerTime": false,
                        "minute": 25,
                        "time": "23:25",
                        "timeDateTime": "2020-01-05T23:25:00.000Z",
                      },
                      Object {
                        "bus_id": 80,
                        "dayType": 1,
                        "direction": 3,
                        "hour": 5,
                        "id": 12727,
                        "isHandicap": true,
                        "isSummerTime": false,
                        "minute": 57,
                        "time": "05:57",
                        "timeDateTime": "2020-01-03T05:57:00.000Z",
                      },
                      Object {
                        "bus_id": 80,
                        "dayType": 1,
                        "direction": 3,
                        "hour": 6,
                        "id": 12728,
                        "isHandicap": true,
                        "isSummerTime": false,
                        "minute": 26,
                        "time": "06:26",
                        "timeDateTime": "2020-01-03T06:26:00.000Z",
                      },
                      Object {
                        "bus_id": 80,
                        "dayType": 1,
                        "direction": 3,
                        "hour": 6,
                        "id": 12729,
                        "isHandicap": true,
                        "isSummerTime": false,
                        "minute": 55,
                        "time": "06:55",
                        "timeDateTime": "2020-01-03T06:55:00.000Z",
                      },
                      Object {
                        "bus_id": 80,
                        "dayType": 1,
                        "direction": 3,
                        "hour": 7,
                        "id": 12730,
                        "isHandicap": true,
                        "isSummerTime": false,
                        "minute": 18,
                        "time": "07:18",
                        "timeDateTime": "2020-01-03T07:18:00.000Z",
                      },
                      Object {
                        "bus_id": 80,
                        "dayType": 1,
                        "direction": 3,
                        "hour": 7,
                        "id": 12731,
                        "isHandicap": true,
                        "isSummerTime": false,
                        "minute": 52,
                        "time": "07:52",
                        "timeDateTime": "2020-01-03T07:52:00.000Z",
                      },
                      Object {
                        "bus_id": 80,
                        "dayType": 1,
                        "direction": 3,
                        "hour": 8,
                        "id": 12732,
                        "isHandicap": true,
                        "isSummerTime": false,
                        "minute": 3,
                        "time": "08:03",
                        "timeDateTime": "2020-01-03T08:03:00.000Z",
                      },
                      Object {
                        "bus_id": 80,
                        "dayType": 1,
                        "direction": 3,
                        "hour": 8,
                        "id": 12733,
                        "isHandicap": false,
                        "isSummerTime": false,
                        "minute": 21,
                        "time": "08:21",
                        "timeDateTime": "2020-01-03T08:21:00.000Z",
                      },
                      Object {
                        "bus_id": 80,
                        "dayType": 1,
                        "direction": 3,
                        "hour": 8,
                        "id": 12734,
                        "isHandicap": true,
                        "isSummerTime": false,
                        "minute": 43,
                        "time": "08:43",
                        "timeDateTime": "2020-01-03T08:43:00.000Z",
                      },
                      Object {
                        "bus_id": 80,
                        "dayType": 1,
                        "direction": 3,
                        "hour": 8,
                        "id": 12735,
                        "isHandicap": false,
                        "isSummerTime": false,
                        "minute": 53,
                        "time": "08:53",
                        "timeDateTime": "2020-01-03T08:53:00.000Z",
                      },
                      Object {
                        "bus_id": 80,
                        "dayType": 1,
                        "direction": 3,
                        "hour": 8,
                        "id": 12736,
                        "isHandicap": false,
                        "isSummerTime": false,
                        "minute": 59,
                        "time": "08:59",
                        "timeDateTime": "2020-01-03T08:59:00.000Z",
                      },
                      Object {
                        "bus_id": 80,
                        "dayType": 1,
                        "direction": 3,
                        "hour": 9,
                        "id": 12737,
                        "isHandicap": true,
                        "isSummerTime": false,
                        "minute": 10,
                        "time": "09:10",
                        "timeDateTime": "2020-01-03T09:10:00.000Z",
                      },
                      Object {
                        "bus_id": 80,
                        "dayType": 1,
                        "direction": 3,
                        "hour": 9,
                        "id": 12738,
                        "isHandicap": true,
                        "isSummerTime": false,
                        "minute": 24,
                        "time": "09:24",
                        "timeDateTime": "2020-01-03T09:24:00.000Z",
                      },
                      Object {
                        "bus_id": 80,
                        "dayType": 1,
                        "direction": 3,
                        "hour": 9,
                        "id": 12739,
                        "isHandicap": false,
                        "isSummerTime": false,
                        "minute": 40,
                        "time": "09:40",
                        "timeDateTime": "2020-01-03T09:40:00.000Z",
                      },
                      Object {
                        "bus_id": 80,
                        "dayType": 1,
                        "direction": 3,
                        "hour": 9,
                        "id": 12740,
                        "isHandicap": true,
                        "isSummerTime": false,
                        "minute": 54,
                        "time": "09:54",
                        "timeDateTime": "2020-01-03T09:54:00.000Z",
                      },
                      Object {
                        "bus_id": 80,
                        "dayType": 1,
                        "direction": 3,
                        "hour": 10,
                        "id": 12741,
                        "isHandicap": false,
                        "isSummerTime": false,
                        "minute": 8,
                        "time": "10:08",
                        "timeDateTime": "2020-01-03T10:08:00.000Z",
                      },
                      Object {
                        "bus_id": 80,
                        "dayType": 1,
                        "direction": 3,
                        "hour": 10,
                        "id": 12742,
                        "isHandicap": true,
                        "isSummerTime": false,
                        "minute": 22,
                        "time": "10:22",
                        "timeDateTime": "2020-01-03T10:22:00.000Z",
                      },
                      Object {
                        "bus_id": 80,
                        "dayType": 1,
                        "direction": 3,
                        "hour": 10,
                        "id": 12743,
                        "isHandicap": false,
                        "isSummerTime": false,
                        "minute": 38,
                        "time": "10:38",
                        "timeDateTime": "2020-01-03T10:38:00.000Z",
                      },
                      Object {
                        "bus_id": 80,
                        "dayType": 1,
                        "direction": 3,
                        "hour": 10,
                        "id": 12744,
                        "isHandicap": false,
                        "isSummerTime": false,
                        "minute": 54,
                        "time": "10:54",
                        "timeDateTime": "2020-01-03T10:54:00.000Z",
                      },
                      Object {
                        "bus_id": 80,
                        "dayType": 1,
                        "direction": 3,
                        "hour": 11,
                        "id": 12745,
                        "isHandicap": true,
                        "isSummerTime": false,
                        "minute": 10,
                        "time": "11:10",
                        "timeDateTime": "2020-01-03T11:10:00.000Z",
                      },
                      Object {
                        "bus_id": 80,
                        "dayType": 1,
                        "direction": 3,
                        "hour": 11,
                        "id": 12746,
                        "isHandicap": false,
                        "isSummerTime": false,
                        "minute": 26,
                        "time": "11:26",
                        "timeDateTime": "2020-01-03T11:26:00.000Z",
                      },
                      Object {
                        "bus_id": 80,
                        "dayType": 1,
                        "direction": 3,
                        "hour": 11,
                        "id": 12747,
                        "isHandicap": false,
                        "isSummerTime": false,
                        "minute": 42,
                        "time": "11:42",
                        "timeDateTime": "2020-01-03T11:42:00.000Z",
                      },
                      Object {
                        "bus_id": 80,
                        "dayType": 1,
                        "direction": 3,
                        "hour": 11,
                        "id": 12748,
                        "isHandicap": true,
                        "isSummerTime": false,
                        "minute": 58,
                        "time": "11:58",
                        "timeDateTime": "2020-01-03T11:58:00.000Z",
                      },
                      Object {
                        "bus_id": 80,
                        "dayType": 1,
                        "direction": 3,
                        "hour": 12,
                        "id": 12749,
                        "isHandicap": false,
                        "isSummerTime": false,
                        "minute": 14,
                        "time": "12:14",
                        "timeDateTime": "2020-01-03T12:14:00.000Z",
                      },
                      Object {
                        "bus_id": 80,
                        "dayType": 1,
                        "direction": 3,
                        "hour": 12,
                        "id": 12750,
                        "isHandicap": false,
                        "isSummerTime": false,
                        "minute": 31,
                        "time": "12:31",
                        "timeDateTime": "2020-01-03T12:31:00.000Z",
                      },
                      Object {
                        "bus_id": 80,
                        "dayType": 1,
                        "direction": 3,
                        "hour": 12,
                        "id": 12751,
                        "isHandicap": true,
                        "isSummerTime": false,
                        "minute": 48,
                        "time": "12:48",
                        "timeDateTime": "2020-01-03T12:48:00.000Z",
                      },
                      Object {
                        "bus_id": 80,
                        "dayType": 1,
                        "direction": 3,
                        "hour": 13,
                        "id": 12752,
                        "isHandicap": false,
                        "isSummerTime": false,
                        "minute": 4,
                        "time": "13:04",
                        "timeDateTime": "2020-01-03T13:04:00.000Z",
                      },
                      Object {
                        "bus_id": 80,
                        "dayType": 1,
                        "direction": 3,
                        "hour": 13,
                        "id": 12753,
                        "isHandicap": true,
                        "isSummerTime": false,
                        "minute": 20,
                        "time": "13:20",
                        "timeDateTime": "2020-01-03T13:20:00.000Z",
                      },
                      Object {
                        "bus_id": 80,
                        "dayType": 1,
                        "direction": 3,
                        "hour": 13,
                        "id": 12754,
                        "isHandicap": true,
                        "isSummerTime": false,
                        "minute": 36,
                        "time": "13:36",
                        "timeDateTime": "2020-01-03T13:36:00.000Z",
                      },
                      Object {
                        "bus_id": 80,
                        "dayType": 1,
                        "direction": 3,
                        "hour": 13,
                        "id": 12755,
                        "isHandicap": true,
                        "isSummerTime": false,
                        "minute": 52,
                        "time": "13:52",
                        "timeDateTime": "2020-01-03T13:52:00.000Z",
                      },
                      Object {
                        "bus_id": 80,
                        "dayType": 1,
                        "direction": 3,
                        "hour": 14,
                        "id": 12756,
                        "isHandicap": false,
                        "isSummerTime": false,
                        "minute": 8,
                        "time": "14:08",
                        "timeDateTime": "2020-01-03T14:08:00.000Z",
                      },
                      Object {
                        "bus_id": 80,
                        "dayType": 1,
                        "direction": 3,
                        "hour": 14,
                        "id": 12757,
                        "isHandicap": true,
                        "isSummerTime": false,
                        "minute": 24,
                        "time": "14:24",
                        "timeDateTime": "2020-01-03T14:24:00.000Z",
                      },
                      Object {
                        "bus_id": 80,
                        "dayType": 1,
                        "direction": 3,
                        "hour": 14,
                        "id": 12758,
                        "isHandicap": false,
                        "isSummerTime": false,
                        "minute": 40,
                        "time": "14:40",
                        "timeDateTime": "2020-01-03T14:40:00.000Z",
                      },
                      Object {
                        "bus_id": 80,
                        "dayType": 1,
                        "direction": 3,
                        "hour": 14,
                        "id": 12759,
                        "isHandicap": false,
                        "isSummerTime": false,
                        "minute": 56,
                        "time": "14:56",
                        "timeDateTime": "2020-01-03T14:56:00.000Z",
                      },
                      Object {
                        "bus_id": 80,
                        "dayType": 1,
                        "direction": 3,
                        "hour": 15,
                        "id": 12760,
                        "isHandicap": true,
                        "isSummerTime": false,
                        "minute": 12,
                        "time": "15:12",
                        "timeDateTime": "2020-01-03T15:12:00.000Z",
                      },
                      Object {
                        "bus_id": 80,
                        "dayType": 1,
                        "direction": 3,
                        "hour": 15,
                        "id": 12761,
                        "isHandicap": true,
                        "isSummerTime": false,
                        "minute": 28,
                        "time": "15:28",
                        "timeDateTime": "2020-01-03T15:28:00.000Z",
                      },
                      Object {
                        "bus_id": 80,
                        "dayType": 1,
                        "direction": 3,
                        "hour": 15,
                        "id": 12762,
                        "isHandicap": false,
                        "isSummerTime": false,
                        "minute": 44,
                        "time": "15:44",
                        "timeDateTime": "2020-01-03T15:44:00.000Z",
                      },
                      Object {
                        "bus_id": 80,
                        "dayType": 1,
                        "direction": 3,
                        "hour": 16,
                        "id": 12763,
                        "isHandicap": true,
                        "isSummerTime": false,
                        "minute": 0,
                        "time": "16:00",
                        "timeDateTime": "2020-01-03T16:00:00.000Z",
                      },
                      Object {
                        "bus_id": 80,
                        "dayType": 1,
                        "direction": 3,
                        "hour": 16,
                        "id": 12764,
                        "isHandicap": true,
                        "isSummerTime": false,
                        "minute": 16,
                        "time": "16:16",
                        "timeDateTime": "2020-01-03T16:16:00.000Z",
                      },
                      Object {
                        "bus_id": 80,
                        "dayType": 1,
                        "direction": 3,
                        "hour": 16,
                        "id": 12765,
                        "isHandicap": false,
                        "isSummerTime": false,
                        "minute": 32,
                        "time": "16:32",
                        "timeDateTime": "2020-01-03T16:32:00.000Z",
                      },
                      Object {
                        "bus_id": 80,
                        "dayType": 1,
                        "direction": 3,
                        "hour": 16,
                        "id": 12766,
                        "isHandicap": false,
                        "isSummerTime": false,
                        "minute": 48,
                        "time": "16:48",
                        "timeDateTime": "2020-01-03T16:48:00.000Z",
                      },
                      Object {
                        "bus_id": 80,
                        "dayType": 1,
                        "direction": 3,
                        "hour": 17,
                        "id": 12767,
                        "isHandicap": true,
                        "isSummerTime": false,
                        "minute": 4,
                        "time": "17:04",
                        "timeDateTime": "2020-01-03T17:04:00.000Z",
                      },
                      Object {
                        "bus_id": 80,
                        "dayType": 1,
                        "direction": 3,
                        "hour": 17,
                        "id": 12768,
                        "isHandicap": false,
                        "isSummerTime": false,
                        "minute": 19,
                        "time": "17:19",
                        "timeDateTime": "2020-01-03T17:19:00.000Z",
                      },
                      Object {
                        "bus_id": 80,
                        "dayType": 1,
                        "direction": 3,
                        "hour": 17,
                        "id": 12769,
                        "isHandicap": false,
                        "isSummerTime": false,
                        "minute": 34,
                        "time": "17:34",
                        "timeDateTime": "2020-01-03T17:34:00.000Z",
                      },
                      Object {
                        "bus_id": 80,
                        "dayType": 1,
                        "direction": 3,
                        "hour": 17,
                        "id": 12770,
                        "isHandicap": true,
                        "isSummerTime": false,
                        "minute": 49,
                        "time": "17:49",
                        "timeDateTime": "2020-01-03T17:49:00.000Z",
                      },
                      Object {
                        "bus_id": 80,
                        "dayType": 1,
                        "direction": 3,
                        "hour": 18,
                        "id": 12771,
                        "isHandicap": true,
                        "isSummerTime": false,
                        "minute": 4,
                        "time": "18:04",
                        "timeDateTime": "2020-01-03T18:04:00.000Z",
                      },
                      Object {
                        "bus_id": 80,
                        "dayType": 1,
                        "direction": 3,
                        "hour": 18,
                        "id": 12772,
                        "isHandicap": false,
                        "isSummerTime": false,
                        "minute": 36,
                        "time": "18:36",
                        "timeDateTime": "2020-01-03T18:36:00.000Z",
                      },
                      Object {
                        "bus_id": 80,
                        "dayType": 1,
                        "direction": 3,
                        "hour": 18,
                        "id": 12773,
                        "isHandicap": false,
                        "isSummerTime": false,
                        "minute": 52,
                        "time": "18:52",
                        "timeDateTime": "2020-01-03T18:52:00.000Z",
                      },
                      Object {
                        "bus_id": 80,
                        "dayType": 1,
                        "direction": 3,
                        "hour": 19,
                        "id": 12774,
                        "isHandicap": true,
                        "isSummerTime": false,
                        "minute": 8,
                        "time": "19:08",
                        "timeDateTime": "2020-01-03T19:08:00.000Z",
                      },
                      Object {
                        "bus_id": 80,
                        "dayType": 1,
                        "direction": 3,
                        "hour": 19,
                        "id": 12775,
                        "isHandicap": false,
                        "isSummerTime": false,
                        "minute": 44,
                        "time": "19:44",
                        "timeDateTime": "2020-01-03T19:44:00.000Z",
                      },
                      Object {
                        "bus_id": 80,
                        "dayType": 1,
                        "direction": 3,
                        "hour": 20,
                        "id": 12776,
                        "isHandicap": true,
                        "isSummerTime": false,
                        "minute": 3,
                        "time": "20:03",
                        "timeDateTime": "2020-01-03T20:03:00.000Z",
                      },
                      Object {
                        "bus_id": 80,
                        "dayType": 1,
                        "direction": 3,
                        "hour": 20,
                        "id": 12777,
                        "isHandicap": true,
                        "isSummerTime": false,
                        "minute": 23,
                        "time": "20:23",
                        "timeDateTime": "2020-01-03T20:23:00.000Z",
                      },
                      Object {
                        "bus_id": 80,
                        "dayType": 1,
                        "direction": 3,
                        "hour": 20,
                        "id": 12778,
                        "isHandicap": true,
                        "isSummerTime": false,
                        "minute": 46,
                        "time": "20:46",
                        "timeDateTime": "2020-01-03T20:46:00.000Z",
                      },
                      Object {
                        "bus_id": 80,
                        "dayType": 1,
                        "direction": 3,
                        "hour": 21,
                        "id": 12779,
                        "isHandicap": true,
                        "isSummerTime": false,
                        "minute": 42,
                        "time": "21:42",
                        "timeDateTime": "2020-01-03T21:42:00.000Z",
                      },
                      Object {
                        "bus_id": 80,
                        "dayType": 1,
                        "direction": 3,
                        "hour": 22,
                        "id": 12780,
                        "isHandicap": false,
                        "isSummerTime": false,
                        "minute": 12,
                        "time": "22:12",
                        "timeDateTime": "2020-01-03T22:12:00.000Z",
                      },
                      Object {
                        "bus_id": 80,
                        "dayType": 1,
                        "direction": 3,
                        "hour": 23,
                        "id": 12781,
                        "isHandicap": true,
                        "isSummerTime": false,
                        "minute": 22,
                        "time": "23:22",
                        "timeDateTime": "2020-01-03T23:22:00.000Z",
                      },
                      Object {
                        "bus_id": 80,
                        "dayType": 1,
                        "direction": 3,
                        "hour": 0,
                        "id": 12782,
                        "isHandicap": false,
                        "isSummerTime": false,
                        "minute": 12,
                        "time": "00:12",
                        "timeDateTime": "2020-01-03T00:12:00.000Z",
                      },
                      Object {
                        "bus_id": 80,
                        "dayType": 3,
                        "direction": 3,
                        "hour": 6,
                        "id": 12783,
                        "isHandicap": false,
                        "isSummerTime": false,
                        "minute": 17,
                        "time": "06:17",
                        "timeDateTime": "2020-01-05T06:17:00.000Z",
                      },
                      Object {
                        "bus_id": 80,
                        "dayType": 3,
                        "direction": 3,
                        "hour": 6,
                        "id": 12784,
                        "isHandicap": true,
                        "isSummerTime": false,
                        "minute": 52,
                        "time": "06:52",
                        "timeDateTime": "2020-01-05T06:52:00.000Z",
                      },
                      Object {
                        "bus_id": 80,
                        "dayType": 3,
                        "direction": 3,
                        "hour": 7,
                        "id": 12785,
                        "isHandicap": false,
                        "isSummerTime": false,
                        "minute": 26,
                        "time": "07:26",
                        "timeDateTime": "2020-01-05T07:26:00.000Z",
                      },
                      Object {
                        "bus_id": 80,
                        "dayType": 3,
                        "direction": 3,
                        "hour": 8,
                        "id": 12786,
                        "isHandicap": false,
                        "isSummerTime": false,
                        "minute": 1,
                        "time": "08:01",
                        "timeDateTime": "2020-01-05T08:01:00.000Z",
                      },
                      Object {
                        "bus_id": 80,
                        "dayType": 3,
                        "direction": 3,
                        "hour": 8,
                        "id": 12787,
                        "isHandicap": true,
                        "isSummerTime": false,
                        "minute": 33,
                        "time": "08:33",
                        "timeDateTime": "2020-01-05T08:33:00.000Z",
                      },
                      Object {
                        "bus_id": 80,
                        "dayType": 3,
                        "direction": 3,
                        "hour": 9,
                        "id": 12788,
                        "isHandicap": true,
                        "isSummerTime": false,
                        "minute": 4,
                        "time": "09:04",
                        "timeDateTime": "2020-01-05T09:04:00.000Z",
                      },
                      Object {
                        "bus_id": 80,
                        "dayType": 3,
                        "direction": 3,
                        "hour": 9,
                        "id": 12789,
                        "isHandicap": false,
                        "isSummerTime": false,
                        "minute": 34,
                        "time": "09:34",
                        "timeDateTime": "2020-01-05T09:34:00.000Z",
                      },
                      Object {
                        "bus_id": 80,
                        "dayType": 3,
                        "direction": 3,
                        "hour": 10,
                        "id": 12790,
                        "isHandicap": true,
                        "isSummerTime": false,
                        "minute": 4,
                        "time": "10:04",
                        "timeDateTime": "2020-01-05T10:04:00.000Z",
                      },
                      Object {
                        "bus_id": 80,
                        "dayType": 3,
                        "direction": 3,
                        "hour": 10,
                        "id": 12791,
                        "isHandicap": true,
                        "isSummerTime": false,
                        "minute": 33,
                        "time": "10:33",
                        "timeDateTime": "2020-01-05T10:33:00.000Z",
                      },
                      Object {
                        "bus_id": 80,
                        "dayType": 3,
                        "direction": 3,
                        "hour": 11,
                        "id": 12792,
                        "isHandicap": false,
                        "isSummerTime": false,
                        "minute": 2,
                        "time": "11:02",
                        "timeDateTime": "2020-01-05T11:02:00.000Z",
                      },
                      Object {
                        "bus_id": 80,
                        "dayType": 3,
                        "direction": 3,
                        "hour": 11,
                        "id": 12793,
                        "isHandicap": true,
                        "isSummerTime": false,
                        "minute": 32,
                        "time": "11:32",
                        "timeDateTime": "2020-01-05T11:32:00.000Z",
                      },
                      Object {
                        "bus_id": 80,
                        "dayType": 3,
                        "direction": 3,
                        "hour": 12,
                        "id": 12794,
                        "isHandicap": true,
                        "isSummerTime": false,
                        "minute": 3,
                        "time": "12:03",
                        "timeDateTime": "2020-01-05T12:03:00.000Z",
                      },
                      Object {
                        "bus_id": 80,
                        "dayType": 3,
                        "direction": 3,
                        "hour": 12,
                        "id": 12795,
                        "isHandicap": false,
                        "isSummerTime": false,
                        "minute": 36,
                        "time": "12:36",
                        "timeDateTime": "2020-01-05T12:36:00.000Z",
                      },
                      Object {
                        "bus_id": 80,
                        "dayType": 3,
                        "direction": 3,
                        "hour": 13,
                        "id": 12796,
                        "isHandicap": true,
                        "isSummerTime": false,
                        "minute": 11,
                        "time": "13:11",
                        "timeDateTime": "2020-01-05T13:11:00.000Z",
                      },
                      Object {
                        "bus_id": 80,
                        "dayType": 3,
                        "direction": 3,
                        "hour": 13,
                        "id": 12797,
                        "isHandicap": false,
                        "isSummerTime": false,
                        "minute": 47,
                        "time": "13:47",
                        "timeDateTime": "2020-01-05T13:47:00.000Z",
                      },
                      Object {
                        "bus_id": 80,
                        "dayType": 3,
                        "direction": 3,
                        "hour": 14,
                        "id": 12798,
                        "isHandicap": true,
                        "isSummerTime": false,
                        "minute": 22,
                        "time": "14:22",
                        "timeDateTime": "2020-01-05T14:22:00.000Z",
                      },
                      Object {
                        "bus_id": 80,
                        "dayType": 3,
                        "direction": 3,
                        "hour": 14,
                        "id": 12799,
                        "isHandicap": true,
                        "isSummerTime": false,
                        "minute": 57,
                        "time": "14:57",
                        "timeDateTime": "2020-01-05T14:57:00.000Z",
                      },
                      Object {
                        "bus_id": 80,
                        "dayType": 3,
                        "direction": 3,
                        "hour": 15,
                        "id": 12800,
                        "isHandicap": true,
                        "isSummerTime": false,
                        "minute": 32,
                        "time": "15:32",
                        "timeDateTime": "2020-01-05T15:32:00.000Z",
                      },
                      Object {
                        "bus_id": 80,
                        "dayType": 3,
                        "direction": 3,
                        "hour": 16,
                        "id": 12801,
                        "isHandicap": false,
                        "isSummerTime": false,
                        "minute": 7,
                        "time": "16:07",
                        "timeDateTime": "2020-01-05T16:07:00.000Z",
                      },
                      Object {
                        "bus_id": 80,
                        "dayType": 3,
                        "direction": 3,
                        "hour": 16,
                        "id": 12802,
                        "isHandicap": true,
                        "isSummerTime": false,
                        "minute": 37,
                        "time": "16:37",
                        "timeDateTime": "2020-01-05T16:37:00.000Z",
                      },
                      Object {
                        "bus_id": 80,
                        "dayType": 3,
                        "direction": 3,
                        "hour": 17,
                        "id": 12803,
                        "isHandicap": false,
                        "isSummerTime": false,
                        "minute": 14,
                        "time": "17:14",
                        "timeDateTime": "2020-01-05T17:14:00.000Z",
                      },
                      Object {
                        "bus_id": 80,
                        "dayType": 3,
                        "direction": 3,
                        "hour": 17,
                        "id": 12804,
                        "isHandicap": false,
                        "isSummerTime": false,
                        "minute": 50,
                        "time": "17:50",
                        "timeDateTime": "2020-01-05T17:50:00.000Z",
                      },
                      Object {
                        "bus_id": 80,
                        "dayType": 3,
                        "direction": 3,
                        "hour": 18,
                        "id": 12805,
                        "isHandicap": true,
                        "isSummerTime": false,
                        "minute": 25,
                        "time": "18:25",
                        "timeDateTime": "2020-01-05T18:25:00.000Z",
                      },
                      Object {
                        "bus_id": 80,
                        "dayType": 3,
                        "direction": 3,
                        "hour": 19,
                        "id": 12806,
                        "isHandicap": false,
                        "isSummerTime": false,
                        "minute": 1,
                        "time": "19:01",
                        "timeDateTime": "2020-01-05T19:01:00.000Z",
                      },
                      Object {
                        "bus_id": 80,
                        "dayType": 3,
                        "direction": 3,
                        "hour": 19,
                        "id": 12807,
                        "isHandicap": false,
                        "isSummerTime": false,
                        "minute": 37,
                        "time": "19:37",
                        "timeDateTime": "2020-01-05T19:37:00.000Z",
                      },
                      Object {
                        "bus_id": 80,
                        "dayType": 3,
                        "direction": 3,
                        "hour": 20,
                        "id": 12808,
                        "isHandicap": false,
                        "isSummerTime": false,
                        "minute": 13,
                        "time": "20:13",
                        "timeDateTime": "2020-01-05T20:13:00.000Z",
                      },
                      Object {
                        "bus_id": 80,
                        "dayType": 3,
                        "direction": 3,
                        "hour": 20,
                        "id": 12809,
                        "isHandicap": false,
                        "isSummerTime": false,
                        "minute": 58,
                        "time": "20:58",
                        "timeDateTime": "2020-01-05T20:58:00.000Z",
                      },
                      Object {
                        "bus_id": 80,
                        "dayType": 3,
                        "direction": 3,
                        "hour": 21,
                        "id": 12810,
                        "isHandicap": false,
                        "isSummerTime": false,
                        "minute": 43,
                        "time": "21:43",
                        "timeDateTime": "2020-01-05T21:43:00.000Z",
                      },
                      Object {
                        "bus_id": 80,
                        "dayType": 3,
                        "direction": 3,
                        "hour": 22,
                        "id": 12811,
                        "isHandicap": false,
                        "isSummerTime": false,
                        "minute": 28,
                        "time": "22:28",
                        "timeDateTime": "2020-01-05T22:28:00.000Z",
                      },
                      Object {
                        "bus_id": 80,
                        "dayType": 3,
                        "direction": 3,
                        "hour": 23,
                        "id": 12812,
                        "isHandicap": false,
                        "isSummerTime": false,
                        "minute": 13,
                        "time": "23:13",
                        "timeDateTime": "2020-01-05T23:13:00.000Z",
                      },
                      Object {
                        "bus_id": 80,
                        "dayType": 3,
                        "direction": 3,
                        "hour": 0,
                        "id": 12813,
                        "isHandicap": false,
                        "isSummerTime": false,
                        "minute": 1,
                        "time": "00:01",
                        "timeDateTime": "2020-01-05T00:01:00.000Z",
                      },
                    ],
                  }
                }
                disableVirtualization={false}
                getItem={[Function]}
                getItemCount={[Function]}
                horizontal={false}
                initialNumToRender={10}
                keyExtractor={[Function]}
                maxToRenderPerBatch={10}
                numColumns={1}
                onContentSizeChange={[Function]}
                onEndReachedThreshold={2}
                onLayout={[Function]}
                onMomentumScrollEnd={[Function]}
                onScroll={[Function]}
                onScrollBeginDrag={[Function]}
                onScrollEndDrag={[Function]}
                removeClippedSubviews={true}
                renderItem={[Function]}
                scrollEventThrottle={50}
                stickyHeaderIndices={Array []}
                updateCellsBatchingPeriod={50}
                viewabilityConfigCallbackPairs={Array []}
                windowSize={21}
              >
                <View />
              </RCTScrollView>
            </View>
          </View>
        </View>
      </View>
    </View>
  </RCTScrollView>
</View>
`;
